
[1m[46m RUN [49m[22m [36mv4.0.18 [39m[90mC:/Users/dbcjs/Desktop/beeliber/beeliber/beeliber-main-main/beeliber-main/client[39m

[90mstdout[2m | services/storageService.test.ts
[22m[39m[Firebase] Initializing with Bucket: beeliber-main.firebasestorage.app

[90mstdout[2m | services/storageService.test.ts
[22m[39m[Firebase] Anonymous Auth Success: anonymous

node.exe : [90mstderr
[2m | services/storag
eService.test.ts[2m >
 [22m[2mStorageServi
ce[2m > [22m[2mgetU
serCoupons[2m > [22m
[2mshould return empt
y array if error occur
s
위치 줄:1 문자:1
+ & "C:\Program Files\
nodejs/node.exe" "C:\P
rogram Files\nodejs/no
de_mo ...
+ ~~~~~~~~~~~~~~~~~~~~
~~~~~~~~~~~~~~~~~~~~~~
~~~~~~~~~~~~~~~~~~~~~~
~~~~~
    + CategoryInfo    
          : NotSpeci  
  fied: ([90mstder   
 r[2m...if error     
occurs:String) []    ,
 RemoteException
    + FullyQualifiedE 
   rrorId : NativeCo  
  mmandError
 
[22m[39m[Storage] Er
ror getting user coupo
ns: Error: Firestore E
rror
    at C:/Users/dbcjs/
Desktop/beeliber/beeli
ber/beeliber-main-main
/beeliber-main/client/
services/storageServic
e.test.ts:63:52
    at file:///C:/User
s/dbcjs/Desktop/beelib
er/beeliber/beeliber-m
ain-main/beeliber-main
/node_modules/[4m@vit
est/runner[24m/dist/i
ndex.js:145:11
    at file:///C:/User
s/dbcjs/Desktop/beelib
er/beeliber/beeliber-m
ain-main/beeliber-main
/node_modules/[4m@vit
est/runner[24m/dist/i
ndex.js:915:26
    at file:///C:/User
s/dbcjs/Desktop/beelib
er/beeliber/beeliber-m
ain-main/beeliber-main
/node_modules/[4m@vit
est/runner[24m/dist/i
ndex.js:1243:20
    at new Promise (<a
nonymous>)
    at runWithTimeout 
(file:///C:/Users/dbcj
s/Desktop/beeliber/bee
liber/beeliber-main-ma
in/beeliber-main/node_
modules/[4m@vitest/ru
nner[24m/dist/index.j
s:1209:10)
    at file:///C:/User
s/dbcjs/Desktop/beelib
er/beeliber/beeliber-m
ain-main/beeliber-main
/node_modules/[4m@vit
est/runner[24m/dist/i
ndex.js:1653:37
    at Traces.$ (file:
///C:/Users/dbcjs/Desk
top/beeliber/beeliber/
beeliber-main-main/bee
liber-main/node_module
s/[4mvitest[24m/dist
/chunks/traces.CCmnQaN
T.js:142:27)
    at trace (file:///
C:/Users/dbcjs/Desktop
/beeliber/beeliber/bee
liber-main-main/beelib
er-main/node_modules/
[4mvitest[24m/dist/ch
unks/test.B8ej_ZHS.js:
239:21)
    at runTest (file:/
//C:/Users/dbcjs/Deskt
op/beeliber/beeliber/b
eeliber-main-main/beel
iber-main/node_modules
/[4m@vitest/runner[2
4m/dist/index.js:1653:
12)

 [32m??[39m services/storageService.test.ts[2m > [22mStorageService[2m > [22mgetUserProfile[2m > [22mshould return user profile if it exists[32m 1[2mms[22m[39m
 [32m??[39m services/storageService.test.ts[2m > [22mStorageService[2m > [22mgetUserProfile[2m > [22mshould return null if user profile does not exist[32m 0[2mms[22m[39m
 [31m횞[39m services/storageService.test.ts[2m > [22mStorageService[2m > [22mgetUserCoupons[2m > [22mshould return list of unused coupons for a user[32m 4[2mms[22m[39m
[31m   ??expected undefined to be 'c2' // Object.is equality[39m
 [32m??[39m services/storageService.test.ts[2m > [22mStorageService[2m > [22mgetUserCoupons[2m > [22mshould return empty array if error occurs[32m 1[2mms[22m[39m

[31m??렞??렞??렞??[39m[
1m[41m Failed Tests 1
 [49m[22m[31m??렞??렞
??렞??[39m

[41m[1m FAIL [22m[
49m services/storageSe
rvice.test.ts[2m > [
22mStorageService[2m 
> [22mgetUserCoupons
[2m > [22mshould retu
rn list of unused coup
ons for a user
[31m[1mAssertionErro
r[22m: expected undef
ined to be 'c2' // Obj
ect.is equality[39m

[32m- Expected:[39m 
"c2"

[31m+ Received:[39m 
undefined

[36m [2m??[22m servi
ces/storageService.tes
t.ts:[2m59:35[22m[3
9m
    [90m 57| [39m   
         [34mexpect[
39m(coupons)[33m.[39
m[34mtoHaveLength[39
m([34m2[39m)[33m;[
39m
    [90m 58| [39m   
         [34mexpect[
39m(coupons[[34m0[39
m][33m.[39mcode)[33
m.[39m[34mtoBe[39m(
[32m'WELCOME'[39m)[
33m;[39m
    [90m 59| [39m   
         [34mexpect[
39m(coupons[[34m1[39
m][33m.[39mid)[33m.
[39m[34mtoBe[39m([
32m'c2'[39m)[33m;[3
9m
    [90m   | [39m   
                      
         [31m^[39m
    [90m 60| [39m   
     })[33m;[39m
    [90m 61| [39m

[31m[2m??렞??렞??렞??렞?
?렞??렞??렞??렞??렞??렞??렞??
렞[1/1]??[22m[39m


[2m Test Files [22m [1m[31m1 failed[39m[22m[90m (1)[39m
[2m      Tests [22m [1m[31m1 failed[39m[22m[2m | [22m[1m[32m3 passed[39m[22m[90m (4)[39m
[2m   Start at [22m 20:00:57
[2m   Duration [22m 1.09s[2m (transform 95ms, setup 110ms, import 83ms, tests 7ms, environment 714ms)[22m

