components/admin/BookingDetailModal.tsx(69,10): error TS17008: JSX element 'div' has no corresponding closing tag.
components/admin/BookingDetailModal.tsx(435,1): error TS1381: Unexpected token. Did you mean `{'}'}` or `&rbrace;`?
components/admin/BookingDetailModal.tsx(438,1): error TS1005: '</' expected.
