App.tsx(210,120): error TS2322: Type '{ duration: number; ease: number[]; }' is not assignable to type 'Transition<any> | undefined'.
  Type '{ duration: number; ease: number[]; }' is not assignable to type 'TransitionWithValueOverrides<any>'.
    Type '{ duration: number; ease: number[]; }' is not assignable to type 'ValueAnimationTransition<any>'.
      Types of property 'ease' are incompatible.
        Type 'number[]' is not assignable to type 'Easing | Easing[] | undefined'.
          Type 'number[]' is not assignable to type 'EasingFunction | Easing[]'.
            Type 'number[]' is not assignable to type 'Easing[]'.
              Type 'number' is not assignable to type 'Easing'.
App.tsx(225,107): error TS2322: Type '{ duration: number; ease: number[]; }' is not assignable to type 'Transition<any> | undefined'.
  Type '{ duration: number; ease: number[]; }' is not assignable to type 'TransitionWithValueOverrides<any>'.
    Type '{ duration: number; ease: number[]; }' is not assignable to type 'ValueAnimationTransition<any>'.
      Types of property 'ease' are incompatible.
        Type 'number[]' is not assignable to type 'Easing | Easing[] | undefined'.
          Type 'number[]' is not assignable to type 'EasingFunction | Easing[]'.
            Type 'number[]' is not assignable to type 'Easing[]'.
              Type 'number' is not assignable to type 'Easing'.
App.tsx(240,113): error TS2322: Type '{ duration: number; ease: number[]; }' is not assignable to type 'Transition<any> | undefined'.
  Type '{ duration: number; ease: number[]; }' is not assignable to type 'TransitionWithValueOverrides<any>'.
    Type '{ duration: number; ease: number[]; }' is not assignable to type 'ValueAnimationTransition<any>'.
      Types of property 'ease' are incompatible.
        Type 'number[]' is not assignable to type 'Easing | Easing[] | undefined'.
          Type 'number[]' is not assignable to type 'EasingFunction | Easing[]'.
            Type 'number[]' is not assignable to type 'Easing[]'.
              Type 'number' is not assignable to type 'Easing'.
App.tsx(253,108): error TS2322: Type '{ duration: number; ease: number[]; }' is not assignable to type 'Transition<any> | undefined'.
  Type '{ duration: number; ease: number[]; }' is not assignable to type 'TransitionWithValueOverrides<any>'.
    Type '{ duration: number; ease: number[]; }' is not assignable to type 'ValueAnimationTransition<any>'.
      Types of property 'ease' are incompatible.
        Type 'number[]' is not assignable to type 'Easing | Easing[] | undefined'.
          Type 'number[]' is not assignable to type 'EasingFunction | Easing[]'.
            Type 'number[]' is not assignable to type 'Easing[]'.
              Type 'number' is not assignable to type 'Easing'.
App.tsx(260,111): error TS2322: Type '{ duration: number; ease: number[]; }' is not assignable to type 'Transition<any> | undefined'.
  Type '{ duration: number; ease: number[]; }' is not assignable to type 'TransitionWithValueOverrides<any>'.
    Type '{ duration: number; ease: number[]; }' is not assignable to type 'ValueAnimationTransition<any>'.
      Types of property 'ease' are incompatible.
        Type 'number[]' is not assignable to type 'Easing | Easing[] | undefined'.
          Type 'number[]' is not assignable to type 'EasingFunction | Easing[]'.
            Type 'number[]' is not assignable to type 'Easing[]'.
              Type 'number' is not assignable to type 'Easing'.
App.tsx(278,113): error TS2322: Type '{ duration: number; ease: number[]; }' is not assignable to type 'Transition<any> | undefined'.
  Type '{ duration: number; ease: number[]; }' is not assignable to type 'TransitionWithValueOverrides<any>'.
    Type '{ duration: number; ease: number[]; }' is not assignable to type 'ValueAnimationTransition<any>'.
      Types of property 'ease' are incompatible.
        Type 'number[]' is not assignable to type 'Easing | Easing[] | undefined'.
          Type 'number[]' is not assignable to type 'EasingFunction | Easing[]'.
            Type 'number[]' is not assignable to type 'Easing[]'.
              Type 'number' is not assignable to type 'Easing'.
App.tsx(285,110): error TS2322: Type '{ duration: number; ease: number[]; }' is not assignable to type 'Transition<any> | undefined'.
  Type '{ duration: number; ease: number[]; }' is not assignable to type 'TransitionWithValueOverrides<any>'.
    Type '{ duration: number; ease: number[]; }' is not assignable to type 'ValueAnimationTransition<any>'.
      Types of property 'ease' are incompatible.
        Type 'number[]' is not assignable to type 'Easing | Easing[] | undefined'.
          Type 'number[]' is not assignable to type 'EasingFunction | Easing[]'.
            Type 'number[]' is not assignable to type 'Easing[]'.
              Type 'number' is not assignable to type 'Easing'.
App.tsx(292,107): error TS2322: Type '{ duration: number; ease: number[]; }' is not assignable to type 'Transition<any> | undefined'.
  Type '{ duration: number; ease: number[]; }' is not assignable to type 'TransitionWithValueOverrides<any>'.
    Type '{ duration: number; ease: number[]; }' is not assignable to type 'ValueAnimationTransition<any>'.
      Types of property 'ease' are incompatible.
        Type 'number[]' is not assignable to type 'Easing | Easing[] | undefined'.
          Type 'number[]' is not assignable to type 'EasingFunction | Easing[]'.
            Type 'number[]' is not assignable to type 'Easing[]'.
              Type 'number' is not assignable to type 'Easing'.
App.tsx(299,109): error TS2322: Type '{ duration: number; ease: number[]; }' is not assignable to type 'Transition<any> | undefined'.
  Type '{ duration: number; ease: number[]; }' is not assignable to type 'TransitionWithValueOverrides<any>'.
    Type '{ duration: number; ease: number[]; }' is not assignable to type 'ValueAnimationTransition<any>'.
      Types of property 'ease' are incompatible.
        Type 'number[]' is not assignable to type 'Easing | Easing[] | undefined'.
          Type 'number[]' is not assignable to type 'EasingFunction | Easing[]'.
            Type 'number[]' is not assignable to type 'Easing[]'.
              Type 'number' is not assignable to type 'Easing'.
App.tsx(306,114): error TS2322: Type '{ duration: number; ease: number[]; }' is not assignable to type 'Transition<any> | undefined'.
  Type '{ duration: number; ease: number[]; }' is not assignable to type 'TransitionWithValueOverrides<any>'.
    Type '{ duration: number; ease: number[]; }' is not assignable to type 'ValueAnimationTransition<any>'.
      Types of property 'ease' are incompatible.
        Type 'number[]' is not assignable to type 'Easing | Easing[] | undefined'.
          Type 'number[]' is not assignable to type 'EasingFunction | Easing[]'.
            Type 'number[]' is not assignable to type 'Easing[]'.
              Type 'number' is not assignable to type 'Easing'.
App.tsx(322,117): error TS2322: Type '{ duration: number; ease: number[]; }' is not assignable to type 'Transition<any> | undefined'.
  Type '{ duration: number; ease: number[]; }' is not assignable to type 'TransitionWithValueOverrides<any>'.
    Type '{ duration: number; ease: number[]; }' is not assignable to type 'ValueAnimationTransition<any>'.
      Types of property 'ease' are incompatible.
        Type 'number[]' is not assignable to type 'Easing | Easing[] | undefined'.
          Type 'number[]' is not assignable to type 'EasingFunction | Easing[]'.
            Type 'number[]' is not assignable to type 'Easing[]'.
              Type 'number' is not assignable to type 'Easing'.
App.tsx(335,110): error TS2322: Type '{ duration: number; ease: number[]; }' is not assignable to type 'Transition<any> | undefined'.
  Type '{ duration: number; ease: number[]; }' is not assignable to type 'TransitionWithValueOverrides<any>'.
    Type '{ duration: number; ease: number[]; }' is not assignable to type 'ValueAnimationTransition<any>'.
      Types of property 'ease' are incompatible.
        Type 'number[]' is not assignable to type 'Easing | Easing[] | undefined'.
          Type 'number[]' is not assignable to type 'EasingFunction | Easing[]'.
            Type 'number[]' is not assignable to type 'Easing[]'.
              Type 'number' is not assignable to type 'Easing'.
App.tsx(346,112): error TS2322: Type '{ duration: number; ease: number[]; }' is not assignable to type 'Transition<any> | undefined'.
  Type '{ duration: number; ease: number[]; }' is not assignable to type 'TransitionWithValueOverrides<any>'.
    Type '{ duration: number; ease: number[]; }' is not assignable to type 'ValueAnimationTransition<any>'.
      Types of property 'ease' are incompatible.
        Type 'number[]' is not assignable to type 'Easing | Easing[] | undefined'.
          Type 'number[]' is not assignable to type 'EasingFunction | Easing[]'.
            Type 'number[]' is not assignable to type 'Easing[]'.
              Type 'number' is not assignable to type 'Easing'.
App.tsx(359,114): error TS2322: Type '{ duration: number; ease: number[]; }' is not assignable to type 'Transition<any> | undefined'.
  Type '{ duration: number; ease: number[]; }' is not assignable to type 'TransitionWithValueOverrides<any>'.
    Type '{ duration: number; ease: number[]; }' is not assignable to type 'ValueAnimationTransition<any>'.
      Types of property 'ease' are incompatible.
        Type 'number[]' is not assignable to type 'Easing | Easing[] | undefined'.
          Type 'number[]' is not assignable to type 'EasingFunction | Easing[]'.
            Type 'number[]' is not assignable to type 'Easing[]'.
              Type 'number' is not assignable to type 'Easing'.
