﻿
> build
> npm run build --workspace=beeliber-web


> beeliber-web@1.0.0 build
> vite build

[36mvite v6.4.1 [32mbuilding for production...[36m[39m
transforming...
[32m??[39m 98 modules transformed.
node.exe : [31m??[3
9m Build failed in 1
.05s
위치 줄:1 문자:1
+ & "C:\Program File
s\nodejs/node.exe" "
C:\Program Files\nod
ejs/node_mo ...
+ ~~~~~~~~~~~~~~~~~~
~~~~~~~~~~~~~~~~~~~~
~~~~~~~~~~~~~~~~~~~~
~~~~~~~~~~~
    + CategoryInfo  
            : NotS  
  pecified: ([31   
 m??[39m Build f    
ailed in 1.05s:    S
tring) [], Rem    ot
eException
    + FullyQualifie 
   dErrorId : Nati  
  veCommandError
 
[31merror during bu
ild:
[31m[vite:esbuild] 
Transform failed wit
h 1 error:
C:/Users/dbcjs/Deskt
op/beeliber/beeliber
/beeliber-main-main/
beeliber-main/client
/components/LandingR
enewal.tsx:263:9: ER
ROR: Expected identi
fier but found "/"[
31m
file: [36mC:/Users/
dbcjs/Desktop/beelib
er/beeliber/beeliber
-main-main/beeliber-
main/client/componen
ts/LandingRenewal.ts
x:263:9[31m
[33m
[33mExpected identi
fier but found "/"[
33m
261|  export default
 LandingRenewal;
262|  
263|          </div 
>
   |           ^
264|      );
265|  };
[31m
    at failureErrorW
ithLog (C:\Users\dbc
js\Desktop\beeliber\
beeliber\beeliber-ma
in-main\beeliber-mai
n\node_modules\esbui
ld\lib\main.js:1467:
15)
    at C:\Users\dbcj
s\Desktop\beeliber\b
eeliber\beeliber-mai
n-main\beeliber-main
\node_modules\esbuil
d\lib\main.js:736:50
    at responseCallb
acks.<computed> (C:\
Users\dbcjs\Desktop\
beeliber\beeliber\be
eliber-main-main\bee
liber-main\node_modu
les\esbuild\lib\main
.js:603:9)
    at handleIncomin
gPacket (C:\Users\db
cjs\Desktop\beeliber
\beeliber\beeliber-m
ain-main\beeliber-ma
in\node_modules\esbu
ild\lib\main.js:658:
12)
    at Socket.readFr
omStdout (C:\Users\d
bcjs\Desktop\beelibe
r\beeliber\beeliber-
main-main\beeliber-m
ain\node_modules\esb
uild\lib\main.js:581
:7)
    at Socket.emit (
node:events:508:28)
    at addChunk (nod
e:internal/streams/r
eadable:559:12)
    at readableAddCh
unkPushByteMode (nod
e:internal/streams/r
eadable:510:3)
    at Readable.push
 (node:internal/stre
ams/readable:390:5)
    at Pipe.onStream
Read (node:internal/
stream_base_commons:
189:23)[39m
npm error Lifecycle 
script `build` faile
d with error:
npm error code 1
npm error path C:\Us
ers\dbcjs\Desktop\be
eliber\beeliber\beel
iber-main-main\beeli
ber-main\client
npm error workspace 
beeliber-web@1.0.0
npm error location C
:\Users\dbcjs\Deskto
p\beeliber\beeliber\
beeliber-main-main\b
eeliber-main\client
npm error command fa
iled
npm error command C:
\WINDOWS\system32\cm
d.exe /d /s /c vite 
build
