﻿
> beeliber-web@1.0.0 build
> vite build

[36mvite v6.4.1 [32mbuilding for production...[36m[39m
transforming...
[32m??[39m 2198 modules transformed.
node.exe : [33m[plu
gin vite:reporter] 
위치 줄:1 문자:1
+ & "C:\Program File
s\nodejs/node.exe" "
C:\Program Files\nod
ejs/node_mo ...
+ ~~~~~~~~~~~~~~~~~~
~~~~~~~~~~~~~~~~~~~~
~~~~~~~~~~~~~~~~~~~~
~~~~~~~~~~~
    + CategoryInfo  
            : NotS  
  pecified: ([33   
 m[plugin vite:r    
eporter] :Strin    g
) [], RemoteEx    ce
ption
    + FullyQualifie 
   dErrorId : Nati  
  veCommandError
 
(!) C:/Users/dbcjs/D
esktop/beeliber/beel
iber/beeliber-main-m
ain/beeliber-main/cl
ient/firebaseApp.ts 
is dynamically impor
ted by C:/Users/dbcj
s/Desktop/beeliber/b
eeliber/beeliber-mai
n-main/beeliber-main
/client/services/sto
rageService.ts, C:/U
sers/dbcjs/Desktop/b
eeliber/beeliber/bee
liber-main-main/beel
iber-main/client/ser
vices/storageService
.ts but also statica
lly imported by C:/U
sers/dbcjs/Desktop/b
eeliber/beeliber/bee
liber-main-main/beel
iber-main/client/App
.tsx, C:/Users/dbcjs
/Desktop/beeliber/be
eliber/beeliber-main
-main/beeliber-main/
client/components/Ad
minDashboard.tsx, C:
/Users/dbcjs/Desktop
/beeliber/beeliber/b
eeliber-main-main/be
eliber-main/client/c
omponents/BookingHis
toryTab.tsx, C:/User
s/dbcjs/Desktop/beel
iber/beeliber/beelib
er-main-main/beelibe
r-main/client/compon
ents/LoginModal.tsx,
 C:/Users/dbcjs/Desk
top/beeliber/beelibe
r/beeliber-main-main
/beeliber-main/clien
t/components/MyPage.
tsx, C:/Users/dbcjs/
Desktop/beeliber/bee
liber/beeliber-main-
main/beeliber-main/c
lient/components/Sig
nupModal.tsx, C:/Use
rs/dbcjs/Desktop/bee
liber/beeliber/beeli
ber-main-main/beelib
er-main/client/servi
ces/storageService.t
s, dynamic import wi
ll not move module i
nto another chunk.
[39m
[33m[plugin vite:re
porter] 
(!) C:/Users/dbcjs/D
esktop/beeliber/beel
iber/beeliber-main-m
ain/beeliber-main/cl
ient/services/storag
eService.ts is dynam
ically imported by C
:/Users/dbcjs/Deskto
p/beeliber/beeliber/
beeliber-main-main/b
eeliber-main/client/
components/admin/Loc
ationsTab.tsx, C:/Us
ers/dbcjs/Desktop/be
eliber/beeliber/beel
iber-main-main/beeli
ber-main/client/comp
onents/admin/Locatio
nsTab.tsx but also s
tatically imported b
y C:/Users/dbcjs/Des
ktop/beeliber/beelib
er/beeliber-main-mai
n/beeliber-main/clie
nt/App.tsx, C:/Users
/dbcjs/Desktop/beeli
ber/beeliber/beelibe
r-main-main/beeliber
-main/client/compone
nts/AdminDashboard.t
sx, C:/Users/dbcjs/D
esktop/beeliber/beel
iber/beeliber-main-m
ain/beeliber-main/cl
ient/components/Admi
nLoginPage.tsx, C:/U
sers/dbcjs/Desktop/b
eeliber/beeliber/bee
liber-main-main/beel
iber-main/client/com
ponents/BookingHisto
ryTab.tsx, C:/Users/
dbcjs/Desktop/beelib
er/beeliber/beeliber
-main-main/beeliber-
main/client/componen
ts/BookingPage.tsx, 
C:/Users/dbcjs/Deskt
op/beeliber/beeliber
/beeliber-main-main/
beeliber-main/client
/components/BookingW
idget.tsx, C:/Users/
dbcjs/Desktop/beelib
er/beeliber/beeliber
-main-main/beeliber-
main/client/componen
ts/ChatBot.tsx, C:/U
sers/dbcjs/Desktop/b
eeliber/beeliber/bee
liber-main-main/beel
iber-main/client/com
ponents/LocationsPag
e.tsx, C:/Users/dbcj
s/Desktop/beeliber/b
eeliber/beeliber-mai
n-main/beeliber-main
/client/components/P
artnershipPage.tsx, 
C:/Users/dbcjs/Deskt
op/beeliber/beeliber
/beeliber-main-main/
beeliber-main/client
/components/PrivacyP
age.tsx, C:/Users/db
cjs/Desktop/beeliber
/beeliber/beeliber-m
ain-main/beeliber-ma
in/client/components
/StaffScanPage.tsx, 
C:/Users/dbcjs/Deskt
op/beeliber/beeliber
/beeliber-main-main/
beeliber-main/client
/components/TermsPag
e.tsx, C:/Users/dbcj
s/Desktop/beeliber/b
eeliber/beeliber-mai
n-main/beeliber-main
/client/components/T
rackingWidget.tsx, C
:/Users/dbcjs/Deskto
p/beeliber/beeliber/
beeliber-main-main/b
eeliber-main/client/
components/UserTrack
ingPage.tsx, C:/User
s/dbcjs/Desktop/beel
iber/beeliber/beelib
er-main-main/beelibe
r-main/client/compon
ents/admin/BookingDe
tailModal.tsx, C:/Us
ers/dbcjs/Desktop/be
eliber/beeliber/beel
iber-main-main/beeli
ber-main/client/comp
onents/admin/ChatTab
.tsx, C:/Users/dbcjs
/Desktop/beeliber/be
eliber/beeliber-main
-main/beeliber-main/
client/components/ad
min/DiscountTab.tsx,
 dynamic import will
 not move module int
o another chunk.
[39m
rendering chunks...
computing gzip size...
[2mdist/[22m[32mindex.html                 [39m[1m[2m    4.61 kB[22m[1m[22m[2m ??gzip:   2.27 kB[22m
[2mdist/[22m[35massets/index-CnDr9FaB.css  [39m[1m[2m  119.85 kB[22m[1m[22m[2m ??gzip:  17.43 kB[22m
[2mdist/[22m[36massets/index-BjHLw9tl.js   [39m[1m[33m3,158.60 kB[39m[22m[2m ??gzip: 620.87 kB[22m
[32m??built in 11.31s[39m
