client/translations_split/zh-HK.ts(322,5): error TS1117: An object literal cannot have multiple properties with the same name.
